[Lev2][ 2- 4  9:26:20, 949][CMainFrameWnd::CMainFrameWnd]-[435]:Start
[Lev2][ 2- 4  9:26:20, 949][CMainFrameWnd::CMainFrameWnd]-[465]:End
[Lev2][ 2- 4  9:26:20, 967][CMainFrameWnd::OnCreate]-[475]:Start
[Lev2][ 2- 4  9:26:21, 140][CMainFrameWnd::OnCreate]-[573]:End
[Lev2][ 2- 4  9:26:23, 249][CKmzApp::OnProjectOpen]-[1273]:Start
[Lev2][ 2- 4  9:26:25,   3][CKmzApp::OpenProject]-[1363]:Start
[Lev0][ 2- 4  9:26:25,   3][KProject::KProject]-[ 53]:Visit....
[Lev2][ 2- 4  9:26:25,   3][KProject::OpenProject]-[210]:Start
[Lev2][ 2- 4  9:26:25,   5][KProject::OpenScenario]-[427]:Start
[Lev2][ 2- 4  9:26:25,   6][KTarget::CreateInitialObject]-[ 74]:E:\TOVA\TOVA_data\05 오류관리\251204_신규버전(4) 테스트 관련\FinalTest_251125\BASE\2023\iolocal.db
[Lev0][ 2- 4  9:26:25, 332][KTarget::UpgradeDataBaseProcess]-[570]:Visit....
[Lev2][ 2- 4  9:26:25, 939][KTarget::CreateInitialObject]-[ 74]:E:\TOVA\TOVA_data\05 오류관리\251204_신규버전(4) 테스트 관련\FinalTest_251125\전국권\2023\iolocal.db
[Lev0][ 2- 4  9:26:26,  47][KTarget::UpgradeDataBaseProcess]-[570]:Visit....
[Lev2][ 2- 4  9:26:26, 593][KTarget::CreateInitialObject]-[ 74]:E:\TOVA\TOVA_data\05 오류관리\251204_신규버전(4) 테스트 관련\FinalTest_251125\전국권\2025\iolocal.db
[Lev0][ 2- 4  9:26:26, 726][KTarget::UpgradeDataBaseProcess]-[570]:Visit....
[Lev2][ 2- 4  9:26:27, 230][KTarget::CreateInitialObject]-[ 74]:E:\TOVA\TOVA_data\05 오류관리\251204_신규버전(4) 테스트 관련\FinalTest_251125\수도권\2023\iolocal.db
[Lev0][ 2- 4  9:26:27, 266][KTarget::UpgradeDataBaseProcess]-[570]:Visit....
[Lev2][ 2- 4  9:26:27, 945][KProject::OpenScenario]-[452]:End
[Lev0][ 2- 4  9:26:27, 998][KProject::UpgradeProjectDBProcess]-[1042]:Visit....
[Lev2][ 2- 4  9:26:28, 461][KProject::OpenProject]-[349]:End
[Lev2][ 2- 4  9:26:28, 461][CKmzApp::OpenProject]-[1428]:End
[Lev2][ 2- 4  9:26:39,  21][KNaviExplorerWnd::UpdateTree]-[ 22]:Start
[Lev2][ 2- 4  9:26:39,  21][KNaviExplorerWnd::UpdateTree]-[ 33]:Start
[Lev0][ 2- 4  9:26:39,  21][KNaviExplorerWnd::ClearTree]-[ 54]:Visit....
[Lev2][ 2- 4  9:26:39,  41][KNaviExplorerWnd::UpdateTree]-[ 48]:End
[Lev2][ 2- 4  9:26:39,  43][CKmzApp::OnProjectOpen]-[1358]:End
[Lev2][ 2- 4  9:26:43,  16][CMainFrameWnd::ShowNetworkView]-[746]:Start
[Lev2][ 2- 4  9:26:43,  16][CMainFrameWnd::GetCreateTargetChildFrame]-[856]:Start
[Lev0][ 2- 4  9:26:43,  16][CChildFrame::CChildFrame]-[ 65]:Visit....
[Lev0][ 2- 4  9:26:43,  18][CChildFrame::PreCreateWindow]-[ 75]:Visit....
[Lev0][ 2- 4  9:26:43,  19][CChildFrame::PreCreateWindow]-[ 75]:Visit....
[Lev2][ 2- 4  9:26:43,  19][CChildFrame::OnCreate]-[ 87]:Start
[Lev2][ 2- 4  9:26:43,  21][CChildFrame::OnCreateClient]-[103]:Start
[Lev0][ 2- 4  9:26:43,  26][KMapFrameWnd::KMapFrameWnd]-[ 22]:Visit....
[Lev0][ 2- 4  9:26:43,  26][KMapFrameWnd::PreCreateWindow]-[119]:Visit....
[Lev2][ 2- 4  9:26:43,  26][KMapFrameWnd::OnCreate]-[128]:Start
[Lev2][ 2- 4  9:26:43,  26][KMapFrameWnd::OnCreateClient]-[171]:Start
[Lev0][ 2- 4  9:26:43,  26][KMapFrameWnd::OnCreateClient]-[176]:Visit....
[Lev0][ 2- 4  9:26:43,  27][KMapView::KMapView]-[264]:Visit....
[Lev0][ 2- 4  9:26:43,  29][KMapFrameWnd::OnCreateClient]-[180]:Visit....
[Lev2][ 2- 4  9:26:43,  34][KMapFrameWnd::OnCreateClient]-[192]:End
[Lev2][ 2- 4  9:26:43,  63][KMapFrameWnd::OnCreate]-[164]:End
[Lev0][ 2- 4  9:26:43,  71][KMapFrameWnd::OnDockingPaneNotify]-[604]:Visit....
[Lev0][ 2- 4  9:26:43, 119][KTocFrameWnd::KTocFrameWnd]-[ 13]:Visit....
[Lev2][ 2- 4  9:26:43, 120][KTocFrameWnd::OnCreate]-[ 29]:Start
[Lev2][ 2- 4  9:26:43, 120][KTocFrameWnd::OnCreateClient]-[ 47]:Start
[Lev2][ 2- 4  9:26:43, 376][KTocFrameWnd::OnCreateClient]-[ 50]:End
[Lev2][ 2- 4  9:26:43, 377][KTocFrameWnd::OnCreate]-[ 40]:End
[Lev2][ 2- 4  9:26:43, 380][CChildFrame::OnCreateClient]-[127]:End
[Lev2][ 2- 4  9:26:43, 399][CChildFrame::OnCreate]-[ 97]:End
[Lev2][ 2- 4  9:26:43, 405][KMapView::OnInitialUpdate]-[300]:Start
[Lev2][ 2- 4  9:26:43, 407][KMapView::InitalizeMap]-[309]:Start
[Lev0][ 2- 4  9:26:43, 407][KThemeDrawControl::KThemeDrawControl]-[  9]:Visit....
[Lev2][ 2- 4  9:26:43, 407][KMapView::InitalizeMap]-[339]:End
[Lev2][ 2- 4  9:26:43, 407][KMapView::OnInitialUpdate]-[303]:End
[Lev2][ 2- 4  9:26:43, 427][CChildFrame::LoadTarget]-[176]:Start
[Lev2][ 2- 4  9:26:43, 427][KMapView::LoadMapView]-[555]:Start
[Lev2][ 2- 4  9:26:43, 427][KMapView::LoadInitialLayers]-[597]:Start
[Lev2][ 2- 4  9:26:43, 446][KLayerXmlRenderer::LoadNodeProperty]-[217]:Start
[Lev2][ 2- 4  9:26:43, 447][KLayerXmlRenderer::LoadNodeProperty]-[258]:End
[Lev2][ 2- 4  9:26:43, 657][KLayerXmlRenderer::LoadLinkProperty]-[ 90]:Start
[Lev2][ 2- 4  9:26:43, 657][KLayerXmlRenderer::LoadLinkProperty]-[141]:End
[Lev2][ 2- 4  9:26:44, 329][KLayerXmlRenderer::LoadZoneProperty]-[319]:Start
[Lev2][ 2- 4  9:26:44, 329][KLayerXmlRenderer::LoadZoneProperty]-[350]:End
[Lev2][ 2- 4  9:26:44, 384][KMapView::LoadMapView]-[592]:End
[Lev2][ 2- 4  9:26:44, 394][KLayerXmlRenderer::LoadNodeProperty]-[217]:Start
[Lev2][ 2- 4  9:26:44, 394][KLayerXmlRenderer::LoadNodeProperty]-[258]:End
[Lev2][ 2- 4  9:26:44, 405][KLayerXmlRenderer::LoadLinkProperty]-[ 90]:Start
[Lev2][ 2- 4  9:26:44, 405][KLayerXmlRenderer::LoadLinkProperty]-[141]:End
[Lev2][ 2- 4  9:26:44, 421][KLayerXmlRenderer::LoadZoneProperty]-[319]:Start
[Lev2][ 2- 4  9:26:44, 421][KLayerXmlRenderer::LoadZoneProperty]-[350]:End
[Lev2][ 2- 4  9:26:44, 472][CChildFrame::LoadTarget]-[188]:End
[Lev2][ 2- 4  9:26:44, 472][CMainFrameWnd::GetCreateTargetChildFrame]-[891]:End
[Lev2][ 2- 4  9:26:44, 472][CChildFrame::ShowMapView]-[200]:Start
[Lev2][ 2- 4  9:26:44, 483][CChildFrame::ShowMapView]-[212]:End
[Lev2][ 2- 4  9:26:44, 483][CMainFrameWnd::ShowNetworkView]-[755]:End
[Lev0][ 2- 4  9:26:44, 541][KMapFrameWnd::OnDockingPaneNotify]-[604]:Visit....
[Lev0][ 2- 4  9:26:44, 548][KMapFrameWnd::OnDockingPaneNotify]-[604]:Visit....
[Lev2][ 2- 4  9:28:46,   0][CMainFrameWnd::CMainFrameWnd]-[435]:Start
[Lev2][ 2- 4  9:28:46,   1][CMainFrameWnd::CMainFrameWnd]-[465]:End
[Lev2][ 2- 4  9:28:46,  34][CMainFrameWnd::OnCreate]-[475]:Start
[Lev2][ 2- 4  9:28:46, 165][CMainFrameWnd::OnCreate]-[573]:End
[Lev2][ 2- 4  9:28:53, 821][CKmzApp::OnProjectOpen]-[1273]:Start
[Lev2][ 2- 4  9:28:55, 762][CKmzApp::OpenProject]-[1363]:Start
[Lev0][ 2- 4  9:28:55, 762][KProject::KProject]-[ 53]:Visit....
[Lev2][ 2- 4  9:28:55, 762][KProject::OpenProject]-[210]:Start
[Lev2][ 2- 4  9:28:55, 764][KProject::OpenScenario]-[427]:Start
[Lev2][ 2- 4  9:28:55, 764][KTarget::CreateInitialObject]-[ 74]:E:\TOVA\TOVA_data\05 오류관리\251204_신규버전(4) 테스트 관련\FinalTest_251125\BASE\2023\iolocal.db
[Lev0][ 2- 4  9:28:55, 776][KTarget::UpgradeDataBaseProcess]-[570]:Visit....
[Lev2][ 2- 4  9:28:56, 303][KTarget::CreateInitialObject]-[ 74]:E:\TOVA\TOVA_data\05 오류관리\251204_신규버전(4) 테스트 관련\FinalTest_251125\전국권\2023\iolocal.db
[Lev0][ 2- 4  9:28:56, 319][KTarget::UpgradeDataBaseProcess]-[570]:Visit....
[Lev2][ 2- 4  9:28:56, 839][KTarget::CreateInitialObject]-[ 74]:E:\TOVA\TOVA_data\05 오류관리\251204_신규버전(4) 테스트 관련\FinalTest_251125\전국권\2025\iolocal.db
[Lev0][ 2- 4  9:28:56, 854][KTarget::UpgradeDataBaseProcess]-[570]:Visit....
[Lev2][ 2- 4  9:28:57, 372][KTarget::CreateInitialObject]-[ 74]:E:\TOVA\TOVA_data\05 오류관리\251204_신규버전(4) 테스트 관련\FinalTest_251125\수도권\2023\iolocal.db
[Lev0][ 2- 4  9:28:57, 383][KTarget::UpgradeDataBaseProcess]-[570]:Visit....
[Lev2][ 2- 4  9:28:58,  61][KProject::OpenScenario]-[452]:End
[Lev0][ 2- 4  9:28:58,  83][KProject::UpgradeProjectDBProcess]-[1042]:Visit....
[Lev2][ 2- 4  9:28:58, 593][KProject::OpenProject]-[349]:End
[Lev2][ 2- 4  9:28:58, 593][CKmzApp::OpenProject]-[1428]:End
[Lev2][ 2- 4  9:28:58, 788][KNaviExplorerWnd::UpdateTree]-[ 22]:Start
[Lev2][ 2- 4  9:28:58, 788][KNaviExplorerWnd::UpdateTree]-[ 33]:Start
[Lev0][ 2- 4  9:28:58, 788][KNaviExplorerWnd::ClearTree]-[ 54]:Visit....
[Lev2][ 2- 4  9:28:58, 793][KNaviExplorerWnd::UpdateTree]-[ 48]:End
[Lev2][ 2- 4  9:28:58, 795][CKmzApp::OnProjectOpen]-[1358]:End
[Lev2][ 2- 4  9:29: 3, 905][CMainFrameWnd::ShowNetworkView]-[746]:Start
[Lev2][ 2- 4  9:29: 3, 905][CMainFrameWnd::GetCreateTargetChildFrame]-[856]:Start
[Lev0][ 2- 4  9:29: 3, 905][CChildFrame::CChildFrame]-[ 65]:Visit....
[Lev0][ 2- 4  9:29: 3, 907][CChildFrame::PreCreateWindow]-[ 75]:Visit....
[Lev0][ 2- 4  9:29: 3, 907][CChildFrame::PreCreateWindow]-[ 75]:Visit....
[Lev2][ 2- 4  9:29: 3, 908][CChildFrame::OnCreate]-[ 87]:Start
[Lev2][ 2- 4  9:29: 3, 909][CChildFrame::OnCreateClient]-[103]:Start
[Lev0][ 2- 4  9:29: 3, 913][KMapFrameWnd::KMapFrameWnd]-[ 22]:Visit....
[Lev0][ 2- 4  9:29: 3, 913][KMapFrameWnd::PreCreateWindow]-[119]:Visit....
[Lev2][ 2- 4  9:29: 3, 914][KMapFrameWnd::OnCreate]-[128]:Start
[Lev2][ 2- 4  9:29: 3, 914][KMapFrameWnd::OnCreateClient]-[171]:Start
[Lev0][ 2- 4  9:29: 3, 914][KMapFrameWnd::OnCreateClient]-[176]:Visit....
[Lev0][ 2- 4  9:29: 3, 914][KMapView::KMapView]-[264]:Visit....
[Lev0][ 2- 4  9:29: 3, 916][KMapFrameWnd::OnCreateClient]-[180]:Visit....
[Lev2][ 2- 4  9:29: 3, 921][KMapFrameWnd::OnCreateClient]-[192]:End
[Lev2][ 2- 4  9:29: 3, 947][KMapFrameWnd::OnCreate]-[164]:End
[Lev0][ 2- 4  9:29: 3, 956][KMapFrameWnd::OnDockingPaneNotify]-[604]:Visit....
[Lev0][ 2- 4  9:29: 4,   4][KTocFrameWnd::KTocFrameWnd]-[ 13]:Visit....
[Lev2][ 2- 4  9:29: 4,   4][KTocFrameWnd::OnCreate]-[ 29]:Start
[Lev2][ 2- 4  9:29: 4,   4][KTocFrameWnd::OnCreateClient]-[ 47]:Start
[Lev2][ 2- 4  9:29: 4, 253][KTocFrameWnd::OnCreateClient]-[ 50]:End
[Lev2][ 2- 4  9:29: 4, 254][KTocFrameWnd::OnCreate]-[ 40]:End
[Lev2][ 2- 4  9:29: 4, 257][CChildFrame::OnCreateClient]-[127]:End
[Lev2][ 2- 4  9:29: 4, 265][CChildFrame::OnCreate]-[ 97]:End
[Lev2][ 2- 4  9:29: 4, 272][KMapView::OnInitialUpdate]-[300]:Start
[Lev2][ 2- 4  9:29: 4, 274][KMapView::InitalizeMap]-[309]:Start
[Lev0][ 2- 4  9:29: 4, 274][KThemeDrawControl::KThemeDrawControl]-[  9]:Visit....
[Lev2][ 2- 4  9:29: 4, 274][KMapView::InitalizeMap]-[339]:End
[Lev2][ 2- 4  9:29: 4, 274][KMapView::OnInitialUpdate]-[303]:End
[Lev2][ 2- 4  9:29: 4, 297][CChildFrame::LoadTarget]-[176]:Start
[Lev2][ 2- 4  9:29: 4, 297][KMapView::LoadMapView]-[555]:Start
[Lev2][ 2- 4  9:29: 4, 297][KMapView::LoadInitialLayers]-[597]:Start
[Lev2][ 2- 4  9:29: 4, 298][KLayerXmlRenderer::LoadNodeProperty]-[217]:Start
[Lev2][ 2- 4  9:29: 4, 298][KLayerXmlRenderer::LoadNodeProperty]-[258]:End
[Lev2][ 2- 4  9:29: 4, 508][KLayerXmlRenderer::LoadLinkProperty]-[ 90]:Start
[Lev2][ 2- 4  9:29: 4, 509][KLayerXmlRenderer::LoadLinkProperty]-[141]:End
[Lev2][ 2- 4  9:29: 4, 999][KLayerXmlRenderer::LoadZoneProperty]-[319]:Start
[Lev2][ 2- 4  9:29: 5,   0][KLayerXmlRenderer::LoadZoneProperty]-[350]:End
[Lev2][ 2- 4  9:29: 5,  40][KMapView::LoadMapView]-[592]:End
[Lev2][ 2- 4  9:29: 5,  49][KLayerXmlRenderer::LoadNodeProperty]-[217]:Start
[Lev2][ 2- 4  9:29: 5,  49][KLayerXmlRenderer::LoadNodeProperty]-[258]:End
[Lev2][ 2- 4  9:29: 5,  58][KLayerXmlRenderer::LoadLinkProperty]-[ 90]:Start
[Lev2][ 2- 4  9:29: 5,  58][KLayerXmlRenderer::LoadLinkProperty]-[141]:End
[Lev2][ 2- 4  9:29: 5,  74][KLayerXmlRenderer::LoadZoneProperty]-[319]:Start
[Lev2][ 2- 4  9:29: 5,  75][KLayerXmlRenderer::LoadZoneProperty]-[350]:End
[Lev2][ 2- 4  9:29: 5, 131][CChildFrame::LoadTarget]-[188]:End
[Lev2][ 2- 4  9:29: 5, 131][CMainFrameWnd::GetCreateTargetChildFrame]-[891]:End
[Lev2][ 2- 4  9:29: 5, 131][CChildFrame::ShowMapView]-[200]:Start
[Lev2][ 2- 4  9:29: 5, 146][CChildFrame::ShowMapView]-[212]:End
[Lev2][ 2- 4  9:29: 5, 146][CMainFrameWnd::ShowNetworkView]-[755]:End
[Lev0][ 2- 4  9:29: 5, 190][KMapFrameWnd::OnDockingPaneNotify]-[604]:Visit....
[Lev0][ 2- 4  9:29: 5, 196][KMapFrameWnd::OnDockingPaneNotify]-[604]:Visit....
[Lev2][ 2- 4  9:30:29,  48][KLayerXmlRenderer::LoadZoneProperty]-[319]:Start
[Lev2][ 2- 4  9:30:29,  48][KLayerXmlRenderer::LoadZoneProperty]-[350]:End
[Lev2][ 2- 4  9:30:29,  48][KLayerXmlRenderer::LoadZoneProperty]-[319]:Start
[Lev2][ 2- 4  9:30:29,  48][KLayerXmlRenderer::LoadZoneProperty]-[350]:End
[Lev2][ 2- 4  9:30:32, 862][KLayerXmlRenderer::LoadZoneProperty]-[319]:Start
[Lev2][ 2- 4  9:30:32, 862][KLayerXmlRenderer::LoadZoneProperty]-[350]:End
[Lev2][ 2- 4  9:30:32, 862][KLayerXmlRenderer::LoadZoneProperty]-[319]:Start
[Lev2][ 2- 4  9:30:32, 862][KLayerXmlRenderer::LoadZoneProperty]-[350]:End
[Lev2][ 2- 4  9:30:36, 804][KLayerXmlRenderer::LoadZoneProperty]-[319]:Start
[Lev2][ 2- 4  9:30:36, 804][KLayerXmlRenderer::LoadZoneProperty]-[350]:End
[Lev2][ 2- 4  9:30:36, 804][KLayerXmlRenderer::LoadZoneProperty]-[319]:Start
[Lev2][ 2- 4  9:30:36, 804][KLayerXmlRenderer::LoadZoneProperty]-[350]:End
[Lev2][ 2- 4  9:30:40, 427][KLayerXmlRenderer::LoadZoneProperty]-[319]:Start
[Lev2][ 2- 4  9:30:40, 427][KLayerXmlRenderer::LoadZoneProperty]-[350]:End
[Lev2][ 2- 4  9:30:40, 427][KLayerXmlRenderer::LoadZoneProperty]-[319]:Start
[Lev2][ 2- 4  9:30:40, 427][KLayerXmlRenderer::LoadZoneProperty]-[350]:End
[Lev2][ 2- 4  9:31:21, 284][KLayerXmlRenderer::LoadZoneProperty]-[319]:Start
[Lev2][ 2- 4  9:31:21, 284][KLayerXmlRenderer::LoadZoneProperty]-[350]:End
[Lev2][ 2- 4  9:31:21, 284][KLayerXmlRenderer::LoadZoneProperty]-[319]:Start
[Lev2][ 2- 4  9:31:21, 285][KLayerXmlRenderer::LoadZoneProperty]-[350]:End
[Lev2][ 2- 4  9:31:57, 687][KLayerXmlRenderer::LoadZoneProperty]-[319]:Start
[Lev2][ 2- 4  9:31:57, 687][KLayerXmlRenderer::LoadZoneProperty]-[350]:End
[Lev2][ 2- 4  9:31:57, 687][KLayerXmlRenderer::LoadZoneProperty]-[319]:Start
[Lev2][ 2- 4  9:31:57, 687][KLayerXmlRenderer::LoadZoneProperty]-[350]:End
[Lev2][ 2- 4  9:32: 1, 319][KLayerXmlRenderer::LoadZoneProperty]-[319]:Start
[Lev2][ 2- 4  9:32: 1, 319][KLayerXmlRenderer::LoadZoneProperty]-[350]:End
[Lev2][ 2- 4  9:32: 1, 319][KLayerXmlRenderer::LoadZoneProperty]-[319]:Start
[Lev2][ 2- 4  9:32: 1, 319][KLayerXmlRenderer::LoadZoneProperty]-[350]:End
[Lev2][ 2- 4  9:32: 8, 202][KLayerXmlRenderer::LoadZoneProperty]-[319]:Start
[Lev2][ 2- 4  9:32: 8, 202][KLayerXmlRenderer::LoadZoneProperty]-[350]:End
[Lev2][ 2- 4  9:32: 8, 202][KLayerXmlRenderer::LoadZoneProperty]-[319]:Start
[Lev2][ 2- 4  9:32: 8, 202][KLayerXmlRenderer::LoadZoneProperty]-[350]:End
[Lev2][ 2- 4  9:32:14,  35][KLayerXmlRenderer::LoadZoneProperty]-[319]:Start
[Lev2][ 2- 4  9:32:14,  35][KLayerXmlRenderer::LoadZoneProperty]-[350]:End
[Lev2][ 2- 4  9:32:14,  35][KLayerXmlRenderer::LoadZoneProperty]-[319]:Start
[Lev2][ 2- 4  9:32:14,  35][KLayerXmlRenderer::LoadZoneProperty]-[350]:End
[Lev2][ 2- 4  9:37:12, 572][KLayerXmlRenderer::LoadZoneProperty]-[319]:Start
[Lev2][ 2- 4  9:37:12, 572][KLayerXmlRenderer::LoadZoneProperty]-[350]:End
[Lev2][ 2- 4  9:37:12, 572][KLayerXmlRenderer::LoadZoneProperty]-[319]:Start
[Lev2][ 2- 4  9:37:12, 572][KLayerXmlRenderer::LoadZoneProperty]-[350]:End
[Lev2][ 2- 4  9:38:34, 619][KLayerXmlRenderer::LoadZoneProperty]-[319]:Start
[Lev2][ 2- 4  9:38:34, 619][KLayerXmlRenderer::LoadZoneProperty]-[350]:End
[Lev2][ 2- 4  9:38:34, 619][KLayerXmlRenderer::LoadZoneProperty]-[319]:Start
[Lev2][ 2- 4  9:38:34, 619][KLayerXmlRenderer::LoadZoneProperty]-[350]:End
